// Jest Snapshot v1, https://goo.gl/fbAQLP

exports[`<MyNotes/> checks if <MyNotes/> renders correctly 1`] = `ShallowWrapper {}`;
